ERR-SYN-LEIA
WAR-SYN-GEN-SYNTAX-TREE
WAR-SYN-ANA-SUCCESS
WAR-SYN-OUTPUT-FILE
