Problema na linha 3, coluna 15, próximo ao token '*'
Erro Sintático: Estado irrecuperável.
Aviso: Não foi possível gerar a Árvore Sintática.
